"WARNING: Following document has been dropped from bulk because it misses the given key identifier (name): {\"noname\":\"456\",\"desc\":\"I'm another description!\"}"