{"index":{"_id":"123"}}
{"name":"123","desc":"I'm a description!"}
{"index":{"_id":"[\"789\"]"}}
{"name":["789"],"desc":"I'm yet another description!"}
{"index":{"_id":"101112"}}
{"name":101112,"desc":"I'm still yet another description!"}
