[ERROR]: the input is expected to be an array in order to produce JSON lines bulk file.
